{"median_classifs_best_iteration_annots": [0.9, 0.9, 0.9, 0.9, 0.9, 0.9, 0.9, 0.9, 0.9, 0.9], "mean_perf_annots": 0.9, "best_selec_iter_annots": 3}